// Jest Snapshot v1, https://goo.gl/fbAQLP

exports[`<HomePage /> should render the HomePage 1`] = `
<Fragment>
  <h1>
    PortfolioPage
  </h1>
</Fragment>
`;
