// Jest Snapshot v1, https://goo.gl/fbAQLP

exports[`<BackGround /> should render the page 1`] = `
<BackGround__BkgDiv>
  <div>
    Hello Wold
  </div>
</BackGround__BkgDiv>
`;
