// Jest Snapshot v1, https://goo.gl/fbAQLP

exports[`<BackGround /> should render the page 1`] = `
<t
  bgClassName="react-parallax-bgimage"
  bgImage="IMAGE_MOCK"
  bgImageAlt=""
  className=""
  contentClassName=""
  disabled={false}
  log={false}
  strength={500}
>
  <div
    className="container"
  >
    <div>
      Hello Wold
    </div>
  </div>
</t>
`;
