// Jest Snapshot v1, https://goo.gl/fbAQLP

exports[`<ResultBanner /> renders as expected 1`] = `
<div
  className="grayOut"
>
  <div
    className="testClass"
  >
    test message here
  </div>
</div>
`;
