// Jest Snapshot v1, https://goo.gl/fbAQLP

exports[`navigationSaga Saga should execute the blank rootSaga 1`] = `
Object {
  "@@redux-saga/IO": true,
  "ALL": undefined,
}
`;
